Xue, Xu, Xue, Xue, Xue, Mm, Md^Xm, Md, Md, Hhd, Hhd^Ftp, Hd, Dd^Ftp, Dd, Dd, Dd, Dd, Hd, Hd, Hd, Hd, Dd, Dd^Ftd, Dd, Dd, Ww, Wwt, Wwt, Wwt, Wwt, Wwt, Wwt, Wot, Wot, Wot, Wot, Wot, Wot, Wot, Wot
Xue, Xue, Uue, Uue, Uue, Xue, Xue, Md^Xm, Md^Xm, Hhd, Hhd^Ftp, Hd^Ftp, Hd^Ftd, Dd^Ftd, Dd, Dd^Es, Dd^Es, Dd, Hd, Mdd, Hd, Dd, Dd^Ftd, Dd, Dd, Ww, Wwt, Wwt, Wwt, Wwt, Wot, Wot, Wot, Wot, Wot, Wot, Wot, Wot, Wot, Wot
Xue, Xue, Uue, Uue, Uue, Uue, Uue, Xue, Xue, Md^Xm, Hhd^Ftp, Hd^Ftd, Hhd^Ftp, Hd, Hd, Dd, Dd^Es, Dd, Hd, Hd, Mdd, Hd, Dd, Dd, Dd, Ww, Wwt, Wwt, Wwt, Wwt, Wwt, Wot, Wot, Wot, Wot, Wot, Wot, Wot, Wot, Wot
Uue^Qhh, Xue, Xue, Uue, Uue, Uue, Uue, Uue, Xu, Md^Xm, Hhd, Hhd, Hhd, Md, Md, Hd, Dd, Dd, Dd, Hd, Mdd, Hd, Dd, Dd^Ftd, Dd, Ww, Ww, Wwt, Wwt, Wwt, Wwt, Wot, Wot, Wwt, Wwt, Wot, Wot, Wot, Wot, Wot
Ds^Qhh, Uue^Qhh, Uue^Qhh, Xue, Uue^Xo, Uue, Uue, Uhe, Xu, Uu, Rd, Hhd, Hhd, Hhd, Hhd, Hd, Dd, Dd^Vct, Dd, Hd, Hd, Hd, Dd, Dd^Ftd, Dd, Dd, Ww, Wwt, Wwt, Wwrt, Wwrt, Wwrt, Wot, Wot, Wot, Wot, Wot, Wot, Wot, Wot
Dd^Qhh, Ds^Qhh, Ds^Qhh, Qxu, Qxu^Bh|, Xu, Xu, Xu, Uu, Uu, Csz, Rd, Xu, Md^Xm, Hhd^Ftp, Hd, Hd, Dd, Dd, Hd, Hd, Hd, Hd, Dd, Dd^Ftd, Dd, Dd, Ww, Wwt, Wwrt, Wwt, Wwt, Wot, Wot, Wwt, Wot, Wot, Wot, Wot, Wot
Rd^Qhh, Dd^Qhh, Dd, Ds, Ds, Qxu, Uu, Uu, Ds, Ds, Rd, Uu, Xu, Md^Xm, Md, Hd, Hd, Dd, Dd^Es, Dd, Hd, Mdd, Hd, Dd^Es, Dd^Ftd, Dd, Dd, Ww, Ww, Wwt, Wwt, Wwt, Wot, Wot, Wot, Wot, Wwt, Wot, Wwt, Wot
Ds^Qhh, Rd^Qhh, Rd, Rd^Vhs, Rd, Ds, Ds, Ds, Rd, Rd^Vhs, Ds, Uu, Xu, Md^Xm, Hhd^Ftp, Hhd, Hd, Dd, Dd^Es, Dd, Hd^Es, Hd, Dd^Vct, Dd^Es, Dd, Dd, Dd, Dd, Dd, Ww, Wwt, Wwt, Wwt, Wot, Wwt, Wwt, Dd, Wwt, Wwt, Wot
Uu^Qhh, Ds^Qhh, Ds^Qhh, Rd^Vhs, Dd, Rd, 1 Ur^Ksz, Rd, Dd, Ds, Ds, Uu, Xu, Md^Xm, Md, Hhd, Hhd, Dd^Es, Dd, Dd, Dd, Hd, Hd, Dd, Dd, Dd^Ftd, Dd, Dd^Ftd, Dd, Ww, Ww, Wwt, Wwt, Wot, Wwt, Dd, Wwt, Wwt, Wot, Wot
Xu^Qhh, Uu^Qhh, Ds, Ds, Csz, Rd, Dd, Dd, Ds, Dd^Vhs, Rd, Qxu, Xu, Md^Xm, Md^Xm, Md, Hhd^Ftp, Hd, Hd, Dd, Dd, Hd, Mdd, Hd, Hd, Dd, Dd^Ftd, Dd, Dd^Ftd, Dd, Dd, Ww, Wwt, Wwt, Wwt, Wwt, Wot, Wwt, Wot, Wot
Xu, Uu^Qhh, Ds, Csz, Csz^Ksy, Csz, Ds, Dd, Ds, Ds, Qxu, Qxu^Bh\, Rd^Qhu, Xu, Md^Xm, Md, Md, Hhd, Hd, Dd, Dd^Es, Hd, Hd, Mdd, Hd, Dd, Dd, Dd, Dd, Dd, Dd, Ww, Wwt, Wwrt, Wwt, Wot, Wot, Wot, Wot, Wot
Xu, Qxu, Ds, Csz, Csz, Csz, Dd, Dd, Uu, Uu, Xu^Qhu, Xu^Qhu, Rd, Xu^Qhu, Xu^Qhu, Md^Xm, Md^Xm, Hhd^Ftp, Hhd, Hd, Dd, Dd^Es, Hd, Hd, Mdd, Hd, Dd, Dd^Ftd, Dd, Dd^Ftd, Dd, Ww, Ww, Wwt, Wwrt, Wwt, Wot, Wot, Wot, Wwt
Xu, Qxu, Qxu, Ds, Ds, Rd, Uu, Uu, Xu^Qhu, Xu^Qhu, Uu, Uu, Uu^Emf, Uu, Uu, Xu^Qhu, Xu^Qhu, Md^Xm, Hhd^Ftd, Hd^Ftd, Hd, Dd^Es, Dd, Hd, Hd, Hd, Hd, Dd, Dd^Ftd, Dd, Dd, Dd, Ww, Wwt, Wwt, Wwt, Wwt, Wot, Wot, Wwt
Mm^Xm, Xu, Xu, Qxu, Qxu, Rd, Uu, Xu^Qhu, Uu, Uu, Uu^Emf, Uu^Emf, Uu^Emf, Uu^Emf, Uu^Emf, Uu, Xu^Qhu, Md^Xm, Md, Hhd^Ftp, Hhd^Ftp, Hd, Dd, Dd, Hd, Mdd, Hd, Dd, Dd, Dd, Dd^Ftd, Dd, Dd, Ww, Wwt, Wwt, Wwt, Wwt, Wot, Wot
Mm, Mm^Xm, Mm^Xm, Xu, Xu, Rd, Rd, Xu^Qhu, Uu, Uu^Emf, Uu^Emf, Uu^Emf, Uu^Emf, Uu^Emf, Uu^_ml, Uu, Xu^Qhu, Md^Xm, Md, Hhd^Ftp, Hd, Hd, Dd^Vct, Dd, Hd, Mdd, Mdd, Hd, Dd, Dd, Dd, Dd, Dd, Ww, Wwt, Wwt, Wwt, Wwt, Wwt, Wot
Hh, Mm, Mm, Mm^Xm, Mm^Xm, Xu, Rd, Xu^Qhu, Xu^Qhu, Uu, Uu^Emf, Uu^Emf, Uu, Uu, Xu^Qhu, Xu^Qhu, Md^Xm, Md^Xm, Md, Hhd, Hd, Dd, Dd, Dd, Dd, Hd, Hd, Hd, Dd, Dd^Ftd, Dd, Dd^Ftd, Dd, Ww, Wwt, Wwt, Wwt, Wwrt, Wwt, Wwt
Hh^Ftp, Hh, Hh^Ftp, Hh, Mm, Mm, Csz, Rd, Xu^Qhu, Uu, Uu, Uu, Xu^Qhu, Xu^Qhu, Md^Xm, Md^Xm, Md, Md, Hhd^Ftp, Hhd^Ftp, Hd, Dd, Dd, Dd^Es, Dd^Es, Dd, Dd, Dd, Hd, Dd, Dd^Ftd, Dd, Dd, Ww, Wwt, Wwt, Wwt, Wwrt, Wwrt, Wwt
Gs^Ftp, Hh^Ftp, Gs^Ftp, Hh^Ftp, Hh^Ftp, Hh, Hh^Ftp, Mm, Mm^Xm, Xu^Qhu, Xu^Qhu, Xu^Qhu, Mm^Xm, Md^Xm, Md, Md, Md, Hhd^Ftp, Md, Hhd^Ftp, Hhd, Hd, Hd, Dd, Dd, Dd^Es, Dd^Es, Dd, Dd^Vct, Hd, Dd, Dd, Ds, Ww, Wwt, Wwt, Wwt, Wwt, Wwt, Wwrt
Ss, Gs^Ftp, Ss, Gs^Ftp, Gs^Ftp, Hh^Ftd, Gs^Ftp, Hh^Ftp, Hh^Vht, Mm^Xm, Mm^Xm, Mm^Xm, Hh, Mm, Hh, Md, Hh, Md, Hh, Hh, Md, Hhd, Dd^Ftp, Dd, Dd, Dd, Dd, Hd, Hd, Hd, Dd, Ds, Ww, Ww, Wwt, Wwt, Wwt, Wwt, Wwt, Wwrt
Ww, Ss, Ww, Ss, Ss, Gs^Ftp, Ss, Gs^Ftp, Gs^Ftp, Hh, Hh, Hh, Gs^Ftp, Hh, Gs^Ftp, Hh, Hh^Ftp, Hh, Hh, Md, Md, Md, Hhd^Es, Hhd^Es, Dd, Dd^Es, Dd^Ftd, Dd, Dd, Dd, Ds, Ds, Ww, Ww, Wwt, Wwt, Wwt, Wwt, Wot, Wwt
Wwt, Ww, Wwt, Ww, Ww, Ss, Ww, Ss, Ss, Gs^Ftp, Gs^Ftp, Gs^Ftp, Ss, Gs^Ftp, Gs^Ftp, Gs^Ftp, Gs^Ftp, Gs^Ftp, Gs, Hh, Hh^Ftp, Hhd, Hd, Dd, Hd, Dd^Es, Dd^Es, Dd, Dd, Ds, Ww, Ww, Ww, Ww, Wwt, Wwt, Wwt, Wot, Wot, Wwt
Wot, Wwt, Wwt, Wwt, Wwt, Ww, Wwt, Ww, Ww, Ss, Ww, Ss, Ww, Ss, Gs, Gs^Ftp, Gs, Gd, Gd^Es, Gd, Gd, Hhd, Dd, Hhd, Hhd, Dd, Dd^Es, Dd, Ds, Ds, Ww, Ww, Ww, Wwt, Wwt, Wwt, Wot, Wot, Wwt, Wwt
Wot, Wot, Wot, Wot, Wot, Wwt, Wwrt, Wwt, Wwt, Wwrt, Wwrt, Ww, Ww, Ww, Ww, Gs, Gs, Gd, Gd, Gd^Es, Dd, Dd^Ftp, Dd, Dd, Dd, Dd, Dd, Ds, Wwf, Wwf, Ww, Ww, Ww, Wwt, Wwt, Wwt, Wot, Wwt, Wwrt, Wwrt
Wot, Wot, Wot, Wot, Wot, Wwt, Wwt, Wwrt, Wwrt, Wwt, Wwrt, Wwt, Wwt, Wwt, Wwt, Ww, Ww, Dd, Dd, Dd, Dd^Es, Dd, Dd^Es, Dd^Vct, Dd, Dd, Ds, Ds, Wwf, Wwf, Wwf, Ww, Wwt, Wwt, Wwt, Wwt, Wwt, Wwt, Wwt, Wwrt
Wwt, Wwt, Wwt, Wwt, Wwt, Wot, Wwt, Wwrt, Wwt, Wwrt, Wwrt, Wwt, Wwt, Wwt, Wwt, Wwt, Wwt, Ww, Ds, Dd, Dd, Dd^Es, Dd, Dd, Dd, Ds, Ww, Ww, Ww, Ww, Ww, Wwrt, Wwrt, Wwrt, Wwt, Wwt, Wwt, Wot, Wwt, Wwt
Wwt, Wwrt, Wwrt, Wwrt, Wwt, Wot, Wwt, Wwt, Wot, Wwt, Wwt, Wwt, Wot, Wot, Wot, Wot, Wwt, Ww, Ww, Ds, Ds, Ds, Ds, Dd, Ds, Ds, Ww, Ww, Ww, Ww, Wwt, Wwt, Wwrt, Wwrt, Wwrt, Wwt, Dd, Wwt, Wwt, Wot
Wot, Wwt, Wwrt, Wwrt, Wwrt, Wwt, Wot, Wot, Wot, Wot, Wot, Wot, Wot, Wot, Wot, Wwt, Wot, Wwt, Wwt, Ww, Ww, Ww, Ww, Ds, Ww, Ww, Ww, Ww, Wwt, Wwt, Wwt, Wwt, Wwrt, Wwrt, Wwrt, Wwrt, Dd, Dd, Wwrt, Wwt
Wot, Wwt, Wwrt, Wwrt, Wwt, Wwt, Wot, Wot, Wot, Wot, Wwt, Wwt, Wwt, Wot, Wot, Wot, Wot, Wot, Wot, Wwt, Wwt, Wwt, Wwt, Ww, Wwt, Wwt, Wwt, Wwt, Wwt, Wwt, Wwt, Wwt, Wwt, Wwt, Wwrt, Dd, Dd, Dd, Wwrt, Wwt
