Mm, Mm, Hh, Hh, Hh, Hhd^Fmf, Hhd^Fmf, Hhd, Hh, Aa, Aa, Ha^Fpa, Ha^Fmf, Hhd, Hhd^Fmf, Hhd^Fmf, Hhd^Fmf, Hhd, Ha, Ha, Ha^Fpa, Ms, Mm, Hh, Hh, Ha, Ha, Ha, Ha
Mm, Mm, Mm, Mm, Mm, Ms, Ms, Ha^Fmf, Ha, Hh, Aa, Ha^Fmf, Ha^Fmf, Hhd^Fmf, Md, Md, Md, Hhd, Ha, Ms, Ms, Ha^Fpa, Ha, Hh, Gs^Fmf, Hh, Aa, Ha^Fmf, Aa
Ms, Ms^Xm, Ms, Ms, Ms, Mm, Mm, Mm, Mm, Hh, Hh^Fmf, Ha, Ms, Ms, Ms, Ms, Ms, Ms, Ms, Ms^Xm, Ms, Ms, Ms, Hh, Ha^Fmf, Ha^Fma, Ha^Fma, Aa, Aa^Fpa
Md, Ms, Ha^Vaa, Ha, Ms, Ha^Fmf, Ce, Mm, Mm, Ms, Mm, Mm, Ms, Ms, Md, Md, Md, Md, Md, Ms, Ha^Vaa, Ms, Ha, Ha, Ha^Fmf, Ms, Ms, Ha^Fma, Aa^Fpa
Mm, Ha, Ha^Fmf, Ha^Fmf, Ha, Cea, 2 Ke, Ce, Ha, Hhd^Fmf, Hh, Ha^Vca, Ha, Hhd^Fmf, Hhd^Fmf, Hh, Hh, Hh, Hh, Hh, Hh, Ha, Aa, Aa, Aa, Ha^Fmf, Ha^Fpa, Ha, Aa^Fpa
Wo, Mm, Mm, Ha^Fmf, Ms, Cea, Ce, Cea, Ms, Hh, Hh^Fms, Ha^Fmf, Hhd^Fmf, Hhd^Fmf, Gll, Hh, Gg, Gg, Gg, Gs, Gs, Gs, Gs, Aa, Ai, Ha^Fpa, Ai, Ai, Ai
Mm, Wo, Mm, Md, Hh, Mm, Hh, Hh, Ha^Fmf, Ha, Mm, Ss, Ss, Hhd^Fmf, Gs, Gg, Ss, Ss, Ha^Fpa, Ss, Ha^Fpa, Ss, Ss, Ss, Ai, Ai, Ha^Fpa, Ha^Fpa, Ms
Mm, Wo, Wo, Mm, Hh, Mm, Hh, Mm, Ha, Mm, Hhd, Hhd^Fmf, Ss, Ss, Ss, Ss, Ha^Fpa, Ha^Fpa, Ms, Ha^Fpa, Ms, Ha^Fms, Ha^Fpa, Ss, Ss, Ha, Ha^Vaa, Ms, Ms
Mm, Mm, Wo, Mm, Hh^Fms, Hh^Fms, Hh^Fms, Ha^Fmf, Hh^Fms, Ha^Fmf, Ss, Ss, Ss, Gs, Ha^Fpa, Ss, Ss, Ha^Fpa, Ss, Ha^Fms, Ha^Fpa, Ha^Fpa, Ai, Ss, Ce, Ai, Hh^Fp, Ms, Hh^Fp
Mm, Mm, Mm, Wo, Hh^Fms, Hh^Fms, Hh^Fms, Hh^Fms, Ss, Hh, Ss, Ss, Gs, Gs, Ha^Fpa, Ha^Fpa, Ha^Fms, Ss, Ss^Vhs, Ss, Aa, Aa, Ss, Ce, 3 Ke, Ce, Hh^Fp, Hh^Fp, Hh^Fp
Mm^Xm, Mm, Hh, Wo, Wo, Hh^Fms, Hh^Fms, Ss, Hh, Ss, Ss, Gs, Ss, Ha^Fpa, Ms, Ms, Ms, Ss, Ss, Ss, Ss, Ai, Ss, Ce, Cea, Ce, Mm, Hh, Hh^Fp
Ms, Mm, Mm, Hh^Vht, Hh, Wo, Ss, Ss, Ms, Hh, Ss, Gs, Ss, Ha^Fpa, Ms, Ms^Xm, Ms^Xm, Ms, Ha, Ss, Hh^Fp, Ss, Aa, Aa, Ha^Fpa, Ha^Fpa, Ha, Mm, Hh^Fp
Ms^Xm, Ms, Ms, Mm, Mm, Hh, Mm, Ha^Fpa, Ms, Hh, Hh, Gs, Ss, Hhd^Fmf, Hhd^Fmf, Ms, Ms, Ms^Xm, Ms, Ss, Ss, Hh^Fp, Aa, Aa, Ai, Ai, Ss, Hh^Fp, Hh^Fp
Ms, Ms^Xm, Ms^Xm, Ms, Ms, Mm, Mm, Ha^Fpa, Ha^Fpa, Ms, Hh^Fp, Gs, Gs, Ss, Gll, Hhd^Fmf, Ha^Fpa, Ms, Ms, Ms, Ss, Hh^Fp, Ss, Ss, Ss, Ss, Ai, Ss, Ai
Hhd^Fmf, Ms, Ms, Ms^Xm, Ms^Xm, Ms^Xm, Ms, Ha^Fpa, Ha^Fpa, Ha^Fpa, Hh, Ss, Hh, Gs, Ss, Gll, Gs, Ha^Fpa, Hh^Fp, Hh^Fp, Ss, Gs, Gs, Ss, Ai, Ha^Fpa, Ha^Vaa, Ha^Fpa, Ms
Hhd^Fmf, Mm, Mm, Ms, Ms, Ms^Xm, Ms^Xm, Ms, Mm, Mm, Mm, Hh, Ha^Vca, Hh, Ha^Fpa, Ss, Gs, Ss, Ss, Ss, Ss, Ss, Ss, Aa, Wo, Aa, Ha^Fpa, Ms, Ms
Gll, Hhd^Fmf, Hh, Mm, Mm, Ms, Ms, Ms^Xm, Ms^Xm, Ms^Xm, Ms^Xm, Ms, Mm, Ms, Ms, Ha^Fpa, Hh, Gs, Ss, Ai, Aa, Ai, Ha^Fpa, Ss, Ha^Fpa, Wo, Ha^Fpa, Ha^Fpa, Ms
Gs^Fms, Gll, Gs, Hh, Mm, Mm, Mm, Ms, Ms, Ms^Xm, Ms, Ms, Md, Ms, Ha, Hh, Hh, Gs, Ss, Aa, Ha^Vca, Ha^Fpa, Ms, Ha^Fma, Ha, Ww, Ww, Ha, Ms
Gs^Fms, Gs^Fms, Gs, Hh, Hh, Hh^Vc, Hh, Mm, Mm, Ms, Mm, Md, Hh^Fmw, Hh, Hh, Hh, Gs, Gs, Ss, Aa, Ha^Fpa, Ms, Mm, Mm, Hh^Fms, Hh^Fms, Ww, Ai, Ai
Ss, Gs^Fms, Gs, Gs, Gs, Gs, Gs, Hh^Fms, Hh^Fms, Mm, Hh, Hh^Fmw, Gs, Gs, Gs, Gs, Gs, Ss, Ss, Ai, Ha^Fpa, Ha^Fpa, Ha^Fpa, Hh^Fms, Ww, Ww, Hh, Ai, Ai
Gs, Ss, Gs, Gs, Gs, Gs, Gs, Hh^Fms, Gs, Hh, Gs, Gs, Ss, Ss, Ss, Ss, Ss, Ss, Gs, Gs, Gs, Gs, Ss, Hh, Ww, Ww, Hh^Fms, Mm, Mm
Dd, Gs, Dd, Gs, Cer, Cer, Cer, Gs, Gs, Gs, Ss, Ss, Hh, Hh, Hh^Fmw, Hh, Hh, Ss, Ss, Ss, Ss, Ss, Ww, Ww, Hh^Fms, Ss, Hh^Fms, Mm, Mm
Dd, Dd, Dd, Gs, 1 Cer, Kerg, Cer, Gs, Ss, Ss, Hh, Hh, Mm, Mm, Mm, Mm, Hh^Fmw, Hh, Hh, Ss, Ww, Ww, Hh^Fms, Ww, Mm, Hh^Fms, Mm, Mm, Mm
Dd, Dd, Gs, Gs, Gs, Cer, Gs, Gs, Ss, Ss, Hh, Mm, Mm, Mm, Hh^Vhhr, Mm, Hh^Fmw, Mm, Mm, Hh, Ww, Ww, Mm, Mm, Mm, Hh^Vc, Mm, Mm, Mm
Gs, Dd, Gs, Gs^Vht, Gs, Gs, Ss, Ss, Gs, Hh^Fms, Hh^Fms, Mm, Mm, Mm, Mm, Mm, 4 Mm, Hh^Fmw, Hh, Hh, Ww, Mm, Mm, Mm, Mm, Mm, Mm, Mm, Mm
Gs, Gs, Ss, Gs, Gg, Ss, Ss, Ss, Gs, Hh^Fms, Hh, Mm, Mm, Mm, Mm, Mm, Mm, Mm, Gg, Mm, Mm, Ww, Wwg, Mm, Mm, Mm, Mm, Mm, Mm
